// Jest Snapshot v1, https://goo.gl/fbAQLP

exports[`GenderBottomSheet matches snapshot 1`] = `
<View
  testID="bottom-sheet"
>
  <Text
    testID="sheet-title"
  />
  <View
    style={
      {
        "backgroundColor": "#FFF",
        "flex": 1,
        "paddingHorizontal": undefined,
      }
    }
  >
    <View
      style={
        {
          "alignItems": "center",
          "flexDirection": "row",
          "justifyContent": "center",
          "paddingVertical": 16,
          "position": "relative",
        }
      }
    >
      <View
        style={
          {
            "alignItems": "center",
            "flex": 1,
            "justifyContent": "center",
            "paddingRight": 32,
          }
        }
      >
        <Text
          style={
            {
              "color": "#000",
              "fontSize": 26,
              "fontWeight": "500",
              "lineHeight": 33.800000000000004,
              "textAlign": "center",
            }
          }
        >
          Select Gender
        </Text>
      </View>
    </View>
    <View
      style={
        {
          "marginBottom": 8,
          "maxHeight": 300,
        }
      }
    >
      <RCTScrollView
        ListEmptyComponent={[Function]}
        contentContainerStyle={
          {
            "paddingBottom": 8,
          }
        }
        data={
          [
            {
              "id": "male",
              "label": "Male",
            },
            {
              "id": "female",
              "label": "Female",
            },
          ]
        }
        getItem={[Function]}
        getItemCount={[Function]}
        keyExtractor={[Function]}
        nestedScrollEnabled={true}
        onContentSizeChange={[Function]}
        onLayout={[Function]}
        onMomentumScrollBegin={[Function]}
        onMomentumScrollEnd={[Function]}
        onScroll={[Function]}
        onScrollBeginDrag={[Function]}
        onScrollEndDrag={[Function]}
        removeClippedSubviews={false}
        renderItem={[Function]}
        scrollEventThrottle={0.0001}
        showsVerticalScrollIndicator={true}
        stickyHeaderIndices={[]}
        viewabilityConfigCallbackPairs={[]}
      >
        <View>
          <View
            onFocusCapture={[Function]}
            onLayout={[Function]}
            style={null}
          >
            <View
              accessibilityState={
                {
                  "busy": undefined,
                  "checked": undefined,
                  "disabled": undefined,
                  "expanded": undefined,
                  "selected": undefined,
                }
              }
              accessibilityValue={
                {
                  "max": undefined,
                  "min": undefined,
                  "now": undefined,
                  "text": undefined,
                }
              }
              accessible={true}
              collapsable={false}
              focusable={true}
              onClick={[Function]}
              onResponderGrant={[Function]}
              onResponderMove={[Function]}
              onResponderRelease={[Function]}
              onResponderTerminate={[Function]}
              onResponderTerminationRequest={[Function]}
              onStartShouldSetResponder={[Function]}
              style={
                {
                  "alignItems": "center",
                  "borderBottomColor": "#E0E0E0",
                  "borderBottomWidth": 1,
                  "borderRadius": undefined,
                  "flexDirection": "row",
                  "justifyContent": "space-between",
                  "marginBottom": undefined,
                  "opacity": 1,
                  "paddingHorizontal": 12,
                  "paddingVertical": 14,
                }
              }
            >
              <Text
                style={
                  {
                    "color": "#000",
                    "flex": 1,
                  }
                }
              >
                Male
              </Text>
            </View>
          </View>
          <View
            onFocusCapture={[Function]}
            onLayout={[Function]}
            style={null}
          >
            <View
              accessibilityState={
                {
                  "busy": undefined,
                  "checked": undefined,
                  "disabled": undefined,
                  "expanded": undefined,
                  "selected": undefined,
                }
              }
              accessibilityValue={
                {
                  "max": undefined,
                  "min": undefined,
                  "now": undefined,
                  "text": undefined,
                }
              }
              accessible={true}
              collapsable={false}
              focusable={true}
              onClick={[Function]}
              onResponderGrant={[Function]}
              onResponderMove={[Function]}
              onResponderRelease={[Function]}
              onResponderTerminate={[Function]}
              onResponderTerminationRequest={[Function]}
              onStartShouldSetResponder={[Function]}
              style={
                {
                  "alignItems": "center",
                  "borderBottomColor": "#E0E0E0",
                  "borderBottomWidth": 1,
                  "borderRadius": undefined,
                  "flexDirection": "row",
                  "justifyContent": "space-between",
                  "marginBottom": undefined,
                  "opacity": 1,
                  "paddingHorizontal": 12,
                  "paddingVertical": 14,
                }
              }
            >
              <Text
                style={
                  {
                    "color": "#000",
                    "flex": 1,
                  }
                }
              >
                Female
              </Text>
            </View>
          </View>
        </View>
      </RCTScrollView>
    </View>
  </View>
</View>
`;
